// Jest Snapshot v1, https://goo.gl/fbAQLP

exports[`Passes in region and flowers 1`] = `
[
  [
    "regions/all_flowers_in_region",
    {
      "flower_list": [
        {
          "__v": 0,
          "_id": "6487734ae98dc419fc0f170d",
          "description": "description",
          "name": "Flower in region",
          "numberInStock": 92,
          "price": 32,
          "region": "6483d106cdcd7f4f8d6ed46a",
        },
      ],
      "region": {
        "__v": 0,
        "_id": "6483d106cdcd7f4f8d6ed46a",
        "description": "description",
        "name": "regionName",
      },
    },
  ],
]
`;
